// Jest Snapshot v1, https://goo.gl/fbAQLP

exports[`Renders a button 1`] = `
<Button
  onClick={[Function]}
  value="foo"
/>
`;
