// Jest Snapshot v1, https://goo.gl/fbAQLP

exports[`Renders the display 1`] = `
<Display>
  123
</Display>
`;
